[
    {
        "vuln_type": "code-injection",
        "file": "/Volumes/FS/tese/graphjs/tests/input/multifile/injection_caller_5/main.js",
        "sink": "eval(g(a))",
        "sink_lineno": 9
    }
]
