[
    {
        "vuln_type": "code-injection",
        "file": "/Volumes/FS/tese/graphjs/tests/input/multifile/injection_caller_1/main.js",
        "sink": "eval(g(x))",
        "sink_lineno": 7
    }
]
