[
    {
        "vuln_type": "code-injection",
        "file": "/Volumes/FS/tese/graphjs/tests/input/multifile/require_2/h.js",
        "sink": "eval(x);",
        "sink_lineno": 4
    }
]
