[
    {
        "vuln_type": "code-injection",
        "file": "/Volumes/FS/tese/graphjs/tests/input/multifile/injection_caller_4/main.js",
        "sink": "eval(g(h(x)))",
        "sink_lineno": 7
    }
]
