[
    {
        "vuln_type": "code-injection",
        "file": "/Volumes/FS/tese/graphjs/tests/input/single_file/object_property_call_1.js",
        "sink": "eval(x);",
        "sink_lineno": 3
    }
]
