[
    {
        "vuln_type": "code-injection",
        "file": "/Volumes/FS/tese/graphjs/tests/input/single_file/rec.js",
        "sink": "eval(f(10, x));",
        "sink_lineno": 9
    }
]
