[
    {
        "vuln_type": "code-injection",
        "file": "/Volumes/FS/tese/graphjs/tests/input/single_file/injection_caller_1.js",
        "sink": "eval(g(x))",
        "sink_lineno": 5
    }
]
