[
    {
        "vuln_type": "code-injection",
        "file": "/Volumes/FS/tese/graphjs/tests/input/single_file/inner_functions.js",
        "sink": "eval(x);",
        "sink_lineno": 6
    }
]
