[
    {
        "vuln_type": "code-injection",
        "file": "/Volumes/FS/tese/graphjs/tests/input/single_file/injection_callee_1.js",
        "sink": "eval(x);",
        "sink_lineno": 9
    }
]
