[
    {
        "vuln_type": "code-injection",
        "file": "/Volumes/FS/tese/graphjs/tests/input/single_file/injection_caller_8.js",
        "sink": "eval(g(x,y))",
        "sink_lineno": 6
    }
]
