[
    {
        "vuln_type": "code-injection",
        "file": "/Volumes/FS/tese/graphjs/tests/input/single_file/injection_caller_6.js",
        "sink": "eval(g(a))",
        "sink_lineno": 8
    }
]
